<?xml version="1.0" encoding="UTF-8"?>
<TestRun id="e5e2e2a4-093f-4f19-9000-7e3deca29334" name="priscila.sato@AST0113 2013-02-13 16:02:21" runUser="ASTREINSA\priscila.sato" xmlns="http://microsoft.com/schemas/VisualStudio/TeamTest/2010">
  <TestSettings name="Local" id="f5afc4ca-a0be-4c76-ae28-22567154e1a2">
    <Description>These are default test settings for a local test run.</Description>
    <Deployment enabled="false" runDeploymentRoot="priscila.sato_AST0113 2013-02-13 16_02_21">
      <DeploymentItem filename="C:\Users\priscila.sato\Documents\GitHub\Entity-Framework-Laboratory\Dinamic-ConnectionString\DCS.Busines\bin\Debug\DCS.Busines.dll" />
      <DeploymentItem filename="C:\Users\priscila.sato\Documents\GitHub\Entity-Framework-Laboratory\Dinamic-ConnectionString\DCS.Model\bin\Debug\DCS.Model.dll" />
    </Deployment>
    <Execution>
      <TestTypeSpecific />
      <AgentRule name="Execution Agents">
      </AgentRule>
    </Execution>
  </TestSettings>
  <Times creation="2013-02-13T16:02:21.4133490-02:00" queuing="2013-02-13T16:02:21.7903867-02:00" start="2013-02-13T16:02:21.9013978-02:00" finish="2013-02-13T16:02:22.5604637-02:00" />
  <ResultSummary outcome="Completed">
    <Counters total="3" executed="3" passed="3" error="0" failed="0" timeout="0" aborted="0" inconclusive="0" passedButRunAborted="0" notRunnable="0" notExecuted="0" disconnected="0" warning="0" completed="0" inProgress="0" pending="0" />
  </ResultSummary>
  <TestDefinitions>
    <UnitTest name="Create_New_Exemple_Get_Valid_Id" storage="c:\users\priscila.sato\documents\github\entity-framework-laboratory\dinamic-connectionstring\dcs.test\bin\debug\dcs.test.dll" id="e45f942c-76fe-4090-ecbe-cc91e669c844">
      <Execution id="f09ce710-3782-47c7-b49c-7618bd624085" />
      <TestMethod codeBase="C:/Users/priscila.sato/Documents/GitHub/Entity-Framework-Laboratory/Dinamic-ConnectionString/DCS.Test/bin/Debug/DCS.Test.DLL" adapterTypeName="Microsoft.VisualStudio.TestTools.TestTypes.Unit.UnitTestAdapter, Microsoft.VisualStudio.QualityTools.Tips.UnitTest.Adapter, Version=10.0.0.0, Culture=neutral, PublicKeyToken=b03f5f7f11d50a3a" className="DCS.Test.ExempleTest, DCS.Test, Version=1.0.0.0, Culture=neutral, PublicKeyToken=null" name="Create_New_Exemple_Get_Valid_Id" />
    </UnitTest>
    <UnitTest name="Create_New_User_Get_Valid_Id" storage="c:\users\priscila.sato\documents\github\entity-framework-laboratory\dinamic-connectionstring\dcs.test\bin\debug\dcs.test.dll" id="dd4d501a-3a1d-67b8-d8ee-6b6cb9ec3290">
      <Execution id="bd3e6d14-4fc4-4b75-8341-46505f33f23c" />
      <TestMethod codeBase="C:/Users/priscila.sato/Documents/GitHub/Entity-Framework-Laboratory/Dinamic-ConnectionString/DCS.Test/bin/Debug/DCS.Test.DLL" adapterTypeName="Microsoft.VisualStudio.TestTools.TestTypes.Unit.UnitTestAdapter, Microsoft.VisualStudio.QualityTools.Tips.UnitTest.Adapter, Version=10.0.0.0, Culture=neutral, PublicKeyToken=b03f5f7f11d50a3a" className="DCS.Test.UserTest, DCS.Test, Version=1.0.0.0, Culture=neutral, PublicKeyToken=null" name="Create_New_User_Get_Valid_Id" />
    </UnitTest>
    <UnitTest name="Try_Login_Unsuccessfully" storage="c:\users\priscila.sato\documents\github\entity-framework-laboratory\dinamic-connectionstring\dcs.test\bin\debug\dcs.test.dll" id="1d0a5977-fbee-f098-4b3a-ec033ac40d4f">
      <Execution id="882c745b-6109-4aec-b1a4-ffbe042ef39b" />
      <TestMethod codeBase="C:/Users/priscila.sato/Documents/GitHub/Entity-Framework-Laboratory/Dinamic-ConnectionString/DCS.Test/bin/Debug/DCS.Test.DLL" adapterTypeName="Microsoft.VisualStudio.TestTools.TestTypes.Unit.UnitTestAdapter, Microsoft.VisualStudio.QualityTools.Tips.UnitTest.Adapter, Version=10.0.0.0, Culture=neutral, PublicKeyToken=b03f5f7f11d50a3a" className="DCS.Test.UserTest, DCS.Test, Version=1.0.0.0, Culture=neutral, PublicKeyToken=null" name="Try_Login_Unsuccessfully" />
    </UnitTest>
  </TestDefinitions>
  <TestLists>
    <TestList name="Results Not in a List" id="8c84fa94-04c1-424b-9868-57a2d4851a1d" />
    <TestList name="All Loaded Results" id="19431567-8539-422a-85d7-44ee4e166bda" />
  </TestLists>
  <TestEntries>
    <TestEntry testId="1d0a5977-fbee-f098-4b3a-ec033ac40d4f" executionId="882c745b-6109-4aec-b1a4-ffbe042ef39b" testListId="8c84fa94-04c1-424b-9868-57a2d4851a1d" />
    <TestEntry testId="dd4d501a-3a1d-67b8-d8ee-6b6cb9ec3290" executionId="bd3e6d14-4fc4-4b75-8341-46505f33f23c" testListId="8c84fa94-04c1-424b-9868-57a2d4851a1d" />
    <TestEntry testId="e45f942c-76fe-4090-ecbe-cc91e669c844" executionId="f09ce710-3782-47c7-b49c-7618bd624085" testListId="8c84fa94-04c1-424b-9868-57a2d4851a1d" />
  </TestEntries>
  <Results>
    <UnitTestResult executionId="882c745b-6109-4aec-b1a4-ffbe042ef39b" testId="1d0a5977-fbee-f098-4b3a-ec033ac40d4f" testName="Try_Login_Unsuccessfully" computerName="AST0113" duration="00:00:00.0141648" startTime="2013-02-13T16:02:22.0124089-02:00" endTime="2013-02-13T16:02:22.3454422-02:00" testType="13cdc9d9-ddb5-4fa4-a97d-d965ccfc6d4b" outcome="Passed" testListId="8c84fa94-04c1-424b-9868-57a2d4851a1d" relativeResultsDirectory="882c745b-6109-4aec-b1a4-ffbe042ef39b">
    </UnitTestResult>
    <UnitTestResult executionId="bd3e6d14-4fc4-4b75-8341-46505f33f23c" testId="dd4d501a-3a1d-67b8-d8ee-6b6cb9ec3290" testName="Create_New_User_Get_Valid_Id" computerName="AST0113" duration="00:00:00.0043870" startTime="2013-02-13T16:02:22.3584435-02:00" endTime="2013-02-13T16:02:22.3714448-02:00" testType="13cdc9d9-ddb5-4fa4-a97d-d965ccfc6d4b" outcome="Passed" testListId="8c84fa94-04c1-424b-9868-57a2d4851a1d" relativeResultsDirectory="bd3e6d14-4fc4-4b75-8341-46505f33f23c">
    </UnitTestResult>
    <UnitTestResult executionId="f09ce710-3782-47c7-b49c-7618bd624085" testId="e45f942c-76fe-4090-ecbe-cc91e669c844" testName="Create_New_Exemple_Get_Valid_Id" computerName="AST0113" duration="00:00:00.0021431" startTime="2013-02-13T16:02:22.3774454-02:00" endTime="2013-02-13T16:02:22.3884465-02:00" testType="13cdc9d9-ddb5-4fa4-a97d-d965ccfc6d4b" outcome="Passed" testListId="8c84fa94-04c1-424b-9868-57a2d4851a1d" relativeResultsDirectory="f09ce710-3782-47c7-b49c-7618bd624085">
    </UnitTestResult>
  </Results>
</TestRun>